C51 COMPILER V9.01   SN74LS595                                                             06/02/2017 22:09:45 PAGE 1   


C51 COMPILER V9.01, COMPILATION OF MODULE SN74LS595
OBJECT MODULE PLACED IN SN74LS595.OBJ
COMPILER INVOKED BY: D:\软件\源文件\keil 开发软件\keil 4\C51\BIN\C51.EXE SN74LS595.c BROWSE DEBUG OBJECTEXTEND

line level    source

   1          #include "SN74LS595.h"
   2          #include "intrins.h"
   3          
   4          void DataSend(unchar da)
   5          {
   6   1      
   7   1              unchar i;
   8   1              sclk=0;
   9   1              rck=0;
  10   1      
  11   1              for(i=8;i>0;i--)        //循环8次，写一字节
  12   1              {
  13   2                      ser=da & 0x80;  //发送BIT0位
  14   2                      da<<=1;         //要发送的数据右移，准备发送下一位
  15   2                      sclk=0;                 //移位时钟上升沿
  16   2                      _nop_();
  17   2                      _nop_();
  18   2                      sclk=1;
  19   2                      _nop_();
  20   2                      _nop_();
  21   2                      sclk=0;
  22   2              }
  23   1              rck=0;  //上升沿将数据送到输出锁存器
  24   1              _nop_();
  25   1              _nop_();
  26   1              rck=1;
  27   1              _nop_();
  28   1              _nop_();
  29   1              rck=0;
  30   1      
  31   1      
  32   1      }


MODULE INFORMATION:   STATIC OVERLAYABLE
   CODE SIZE        =     37    ----
   CONSTANT SIZE    =   ----    ----
   XDATA SIZE       =   ----    ----
   PDATA SIZE       =   ----    ----
   DATA SIZE        =   ----    ----
   IDATA SIZE       =   ----    ----
   BIT SIZE         =   ----    ----
END OF MODULE INFORMATION.


C51 COMPILATION COMPLETE.  0 WARNING(S),  0 ERROR(S)
